/import/linux/opt/arduino-1.0.1/hardware/arduino/bootloaders/atmega/ATmegaBOOT_168.c
/import/linux/opt/arduino-1.0.1/hardware/arduino/bootloaders/atmega8/ATmegaBOOT.c
/import/linux/opt/arduino-1.0.1/hardware/arduino/bootloaders/bt/ATmegaBOOT_168.c
/import/linux/opt/arduino-1.0.1/hardware/arduino/bootloaders/caterina/Caterina.c
/import/linux/opt/arduino-1.0.1/hardware/arduino/bootloaders/caterina/Descriptors.c
/import/linux/opt/arduino-1.0.1/hardware/arduino/bootloaders/lilypad/src/ATmegaBOOT.c
/import/linux/opt/arduino-1.0.1/hardware/arduino/bootloaders/optiboot/optiboot.c
/import/linux/opt/arduino-1.0.1/hardware/arduino/bootloaders/stk500v2/stk500boot.c
/import/linux/opt/arduino-1.0.1/hardware/arduino/cores/arduino/WInterrupts.c
/import/linux/opt/arduino-1.0.1/hardware/arduino/cores/arduino/wiring.c
/import/linux/opt/arduino-1.0.1/hardware/arduino/cores/arduino/wiring_analog.c
/import/linux/opt/arduino-1.0.1/hardware/arduino/cores/arduino/wiring_digital.c
/import/linux/opt/arduino-1.0.1/hardware/arduino/cores/arduino/wiring_pulse.c
/import/linux/opt/arduino-1.0.1/hardware/arduino/cores/arduino/wiring_shift.c
/import/linux/opt/arduino-1.0.1/hardware/arduino/firmwares/arduino-usbdfu/Arduino-usbdfu.c
/import/linux/opt/arduino-1.0.1/hardware/arduino/firmwares/arduino-usbdfu/Descriptors.c
/import/linux/opt/arduino-1.0.1/hardware/arduino/firmwares/arduino-usbserial/Arduino-usbserial.c
/import/linux/opt/arduino-1.0.1/hardware/arduino/firmwares/arduino-usbserial/Descriptors.c
/import/linux/opt/arduino-1.0.1/libraries/Wire/utility/twi.c
/import/linux/opt/cadence/ASSURA314/install/bin.lnx86/cdsudp.c
/import/linux/opt/cadence/ASSURA314/install/bin.lnx86/genControl.c
/import/linux/opt/cadence/ASSURA314/install/bin.lnx86/io_fltr.c
/import/linux/opt/cadence/ASSURA314/install/bin.lnx86/process_file.c
/import/linux/opt/cadence/IC5141/install/bin.lnx86/cdsudp.c
/import/linux/opt/cadence/IC5141/install/bin.lnx86/genControl.c
/import/linux/opt/cadence/IC5141/install/bin.lnx86/io_fltr.c
/import/linux/opt/cadence/IC5141/install/bin.lnx86/process_file.c
/import/linux/opt/cadence/IC5141/tools.lnx86/dfII/samples/artist/OCEAN/corners/design/inv2.c
/import/linux/opt/cadence/IC5141/tools.lnx86/dfII/samples/artist/OCEAN/monteCarlo/spectreS/netlist/low_nat_stat.c
/import/linux/opt/cadence/IC5141/tools.lnx86/dfII/samples/artist/OCEAN/opamp741CharSpectreS/design/opampTest.c
/import/linux/opt/cadence/IC5141/tools.lnx86/dfII/samples/artist/OCEAN/paramAnalysis/design/opampAC.c
/import/linux/opt/cadence/IC5141/tools.lnx86/dfII/samples/artist/OCEAN/pll/design/analog/top.c
/import/linux/opt/cadence/IC5141/tools.lnx86/dfII/samples/artist/corners/socket/multipleModelLib/netlist/cmos.c
/import/linux/opt/cadence/IC5141/tools.lnx86/dfII/samples/artist/corners/socket/multipleNumeric/netlist/cmos.c
/import/linux/opt/cadence/IC5141/tools.lnx86/dfII/samples/artist/corners/socket/multipleParametric/netlist/cmos.c
/import/linux/opt/cadence/IC5141/tools.lnx86/dfII/samples/artist/corners/socket/singleModelLib/netlist/cmos.c
/import/linux/opt/cadence/IC5141/tools.lnx86/dfII/samples/artist/corners/socket/singleNumeric/netlist/cmos.c
/import/linux/opt/cadence/IC5141/tools.lnx86/dfII/samples/artist/corners/spectreSVerilog/netlist/analog/ringOsc.c
/import/linux/opt/cadence/IC5141/tools.lnx86/itkDB/samples/CDF/main.c
/import/linux/opt/cadence/IC5141/tools.lnx86/itkDB/samples/CDF/mainCreate.c
/import/linux/opt/cadence/IC5141/tools.lnx86/itkDB/samples/DB/main.c
/import/linux/opt/cadence/IC5141/tools.lnx86/itkDB/samples/DB/netwire.c
/import/linux/opt/cadence/IC5141/tools.lnx86/itkDB/samples/HDB/main.c
/import/linux/opt/cadence/IC5141/tools.lnx86/itkDB/samples/HDB/traverse.c
/import/linux/opt/cadence/IC5141/tools.lnx86/itkDB/samples/TECH/main.c
/import/linux/opt/cadence/IC5141/tools.lnx86/modelwriter/lib/tcl8.4/tclAppInit.c
/import/linux/opt/cadence/IC5141/tools.lnx86/modelwriter/lib/tk8.4/tkAppInit.c
/import/linux/opt/cadence/ICC11241/install/bin.lnx86/cdsudp.c
/import/linux/opt/cadence/ICC11241/install/bin.lnx86/genControl.c
/import/linux/opt/cadence/ICC11241/install/bin.lnx86/io_fltr.c
/import/linux/opt/cadence/ICC11241/install/bin.lnx86/process_file.c
/import/linux/opt/cadence/LCU/install/bin.lnx86/cdsudp.c
/import/linux/opt/cadence/LCU/install/bin.lnx86/genControl.c
/import/linux/opt/cadence/LCU/install/bin.lnx86/io_fltr.c
/import/linux/opt/cadence/LCU/install/bin.lnx86/process_file.c
/import/linux/opt/cadence/LDV51/doc/vhpiref/examples/foreign/function/test.c
/import/linux/opt/cadence/LDV51/doc/vhpiref/examples/foreign/procedure/test.c
/import/linux/opt/cadence/LDV51/doc/vpivhpiref/example/get_connectivity.c
/import/linux/opt/cadence/LDV51/install/bin.lnx86/cdsudp.c
/import/linux/opt/cadence/LDV51/install/bin.lnx86/genControl.c
/import/linux/opt/cadence/LDV51/install/bin.lnx86/io_fltr.c
/import/linux/opt/cadence/LDV51/install/bin.lnx86/process_file.c
/import/linux/opt/cadence/LDV51/tools.lnx86/amp/examples/alu/complete/instance.c
/import/linux/opt/cadence/LDV51/tools.lnx86/amp/examples/alu/complete/optional.c
/import/linux/opt/cadence/LDV51/tools.lnx86/amp/examples/alu/complete/simulate.c
/import/linux/opt/cadence/LDV51/tools.lnx86/amp/examples/license/license.c
/import/linux/opt/cadence/LDV51/tools.lnx86/amp/examples/ram454/complete/instance.c
/import/linux/opt/cadence/LDV51/tools.lnx86/amp/examples/ram454/complete/optional.c
/import/linux/opt/cadence/LDV51/tools.lnx86/amp/examples/ram454/complete/simulate.c
/import/linux/opt/cadence/LDV51/tools.lnx86/amp/examples/ram454/ram454.c
/import/linux/opt/cadence/LDV51/tools.lnx86/amp/examples/replay/complete/instance.c
/import/linux/opt/cadence/LDV51/tools.lnx86/amp/examples/replay/complete/optional.c
/import/linux/opt/cadence/LDV51/tools.lnx86/amp/examples/replay/complete/simulate.c
/import/linux/opt/cadence/LDV51/tools.lnx86/amp/examples/replay/ed.c
/import/linux/opt/cadence/LDV51/tools.lnx86/amp/src/mti_omi_adapter_veriuser.c
/import/linux/opt/cadence/LDV51/tools.lnx86/amp/src/omiEnums.c
/import/linux/opt/cadence/LDV51/tools.lnx86/amp/src/omiUtilities.c
/import/linux/opt/cadence/LDV51/tools.lnx86/amp/src/omi_adapter_veriuser.c
/import/linux/opt/cadence/LDV51/tools.lnx86/examples/pli/SGS/src/initDelay.c
/import/linux/opt/cadence/LDV51/tools.lnx86/examples/pli/backan/ba_cellout_p.c
/import/linux/opt/cadence/LDV51/tools.lnx86/examples/pli/backan/ba_int_nwp.c
/import/linux/opt/cadence/LDV51/tools.lnx86/examples/pli/backan/ba_path_path.c
/import/linux/opt/cadence/LDV51/tools.lnx86/examples/pli/backan/dl_net_conl.c
/import/linux/opt/cadence/LDV51/tools.lnx86/examples/pli/backan/dl_net_intl.c
/import/linux/opt/cadence/LDV51/tools.lnx86/examples/pli/damem/src/bignum.c
/import/linux/opt/cadence/LDV51/tools.lnx86/examples/pli/damem/src/daram.c
/import/linux/opt/cadence/LDV51/tools.lnx86/examples/pli/damem/src/etc.c
/import/linux/opt/cadence/LDV51/tools.lnx86/examples/pli/damem/src/initram.c
/import/linux/opt/cadence/LDV51/tools.lnx86/examples/pli/damem/src/mvl.c
/import/linux/opt/cadence/LDV51/tools.lnx86/examples/pli/damem/src/version.c
/import/linux/opt/cadence/LDV51/tools.lnx86/examples/pli/dcalc/src/dl_backan.c
/import/linux/opt/cadence/LDV51/tools.lnx86/examples/pli/dcalc/src/dl_calc.c
/import/linux/opt/cadence/LDV51/tools.lnx86/examples/pli/dcalc/src/dl_calc_bai.c
/import/linux/opt/cadence/LDV51/tools.lnx86/examples/pli/dcalc/src/dl_calc_sc.c
/import/linux/opt/cadence/LDV51/tools.lnx86/examples/pli/dcalc/src/dl_calc_si.c
/import/linux/opt/cadence/LDV51/tools.lnx86/examples/pli/dcalc/src/veriuser.c
/import/linux/opt/cadence/LDV51/tools.lnx86/examples/pli/dlcalc/dl_backan.c
/import/linux/opt/cadence/LDV51/tools.lnx86/examples/pli/dlcalc/dl_calc.c
/import/linux/opt/cadence/LDV51/tools.lnx86/examples/pli/dlcalc/dl_veriuser.c
/import/linux/opt/cadence/LDV51/tools.lnx86/examples/pli/dtran/src/dtran_calltf.c
/import/linux/opt/cadence/LDV51/tools.lnx86/examples/pli/dtran/src/dtran_checktf.c
/import/linux/opt/cadence/LDV51/tools.lnx86/examples/pli/dtran/src/dtran_consumer.c
/import/linux/opt/cadence/LDV51/tools.lnx86/examples/pli/dtran/src/dtran_misctf.c
/import/linux/opt/cadence/LDV51/tools.lnx86/examples/pli/dtran/src/veriuser.c
/import/linux/opt/cadence/LDV51/tools.lnx86/examples/pli/net_names/src/net_names.c
/import/linux/opt/cadence/LDV51/tools.lnx86/examples/pli/net_names/src/veriuser.c
/import/linux/opt/cadence/LDV51/tools.lnx86/examples/pli/set_values/src/get_new_val.c
/import/linux/opt/cadence/LDV51/tools.lnx86/examples/pli/set_values/src/set_call.c
/import/linux/opt/cadence/LDV51/tools.lnx86/examples/pli/set_values/src/set_check.c
/import/linux/opt/cadence/LDV51/tools.lnx86/examples/pli/set_values/src/stuff_memory.c
/import/linux/opt/cadence/LDV51/tools.lnx86/examples/pli/set_values/src/stuff_module.c
/import/linux/opt/cadence/LDV51/tools.lnx86/examples/pli/set_values/src/stuff_reg.c
/import/linux/opt/cadence/LDV51/tools.lnx86/examples/pli/set_values/src/stuff_udp.c
/import/linux/opt/cadence/LDV51/tools.lnx86/examples/pli/set_values/src/utilities.c
/import/linux/opt/cadence/LDV51/tools.lnx86/examples/pli/set_values/src/veriuser.c
/import/linux/opt/cadence/LDV51/tools.lnx86/examples/pli/toggle_count/src/tc_hash.c
/import/linux/opt/cadence/LDV51/tools.lnx86/examples/pli/toggle_count/src/tc_pli.c
/import/linux/opt/cadence/LDV51/tools.lnx86/examples/pli/toggle_count/src/tc_reports.c
/import/linux/opt/cadence/LDV51/tools.lnx86/examples/pli/toggle_count/src/veriuser.c
/import/linux/opt/cadence/LDV51/tools.lnx86/examples/pli/toggle_test/src/tt_hash.c
/import/linux/opt/cadence/LDV51/tools.lnx86/examples/pli/toggle_test/src/tt_pli.c
/import/linux/opt/cadence/LDV51/tools.lnx86/examples/pli/toggle_test/src/tt_reports.c
/import/linux/opt/cadence/LDV51/tools.lnx86/examples/pli/toggle_test/src/veriuser.c
/import/linux/opt/cadence/LDV51/tools.lnx86/examples/vpi/count_args/src/count_args.c
/import/linux/opt/cadence/LDV51/tools.lnx86/examples/vpi/count_args/src/vpi_user.c
/import/linux/opt/cadence/LDV51/tools.lnx86/examples/vpi/dtran/src/dtran.c
/import/linux/opt/cadence/LDV51/tools.lnx86/examples/vpi/dtran/src/vpi_user.c
/import/linux/opt/cadence/LDV51/tools.lnx86/examples/vpi/fifo0/src/show_memwd.c
/import/linux/opt/cadence/LDV51/tools.lnx86/examples/vpi/fifo0/src/vpi_user.c
/import/linux/opt/cadence/LDV51/tools.lnx86/examples/vpi/fifo1/src/show_memwd.c
/import/linux/opt/cadence/LDV51/tools.lnx86/examples/vpi/fifo1/src/vpi_user.c
/import/linux/opt/cadence/LDV51/tools.lnx86/examples/vpi/fifo2/src/show_memwd.c
/import/linux/opt/cadence/LDV51/tools.lnx86/examples/vpi/fifo2/src/vpi_user.c
/import/linux/opt/cadence/LDV51/tools.lnx86/examples/vpi/fifo3/src/show_memwd.c
/import/linux/opt/cadence/LDV51/tools.lnx86/examples/vpi/fifo3/src/vpi_user.c
/import/linux/opt/cadence/LDV51/tools.lnx86/examples/vpi/fifo4/src/load_memwd.c
/import/linux/opt/cadence/LDV51/tools.lnx86/examples/vpi/fifo4/src/show_memwd.c
/import/linux/opt/cadence/LDV51/tools.lnx86/examples/vpi/fifo4/src/vpi_user.c
/import/linux/opt/cadence/LDV51/tools.lnx86/examples/vpi/fifo5/src/load_memwd.c
/import/linux/opt/cadence/LDV51/tools.lnx86/examples/vpi/fifo5/src/show_memwd.c
/import/linux/opt/cadence/LDV51/tools.lnx86/examples/vpi/fifo5/src/vpi_user.c
/import/linux/opt/cadence/LDV51/tools.lnx86/examples/vpi/fifo6/src/load_memwd.c
/import/linux/opt/cadence/LDV51/tools.lnx86/examples/vpi/fifo6/src/show_memwd.c
/import/linux/opt/cadence/LDV51/tools.lnx86/examples/vpi/fifo6/src/vpi_user.c
/import/linux/opt/cadence/LDV51/tools.lnx86/examples/vpi/hier_walker/src/hier_walker.c
/import/linux/opt/cadence/LDV51/tools.lnx86/examples/vpi/hier_walker/src/vpi_user.c
/import/linux/opt/cadence/LDV51/tools.lnx86/examples/vpi/set_values/src/set_call.c
/import/linux/opt/cadence/LDV51/tools.lnx86/examples/vpi/set_values/src/set_check.c
/import/linux/opt/cadence/LDV51/tools.lnx86/examples/vpi/set_values/src/stuff_module.c
/import/linux/opt/cadence/LDV51/tools.lnx86/examples/vpi/set_values/src/stuff_value.c
/import/linux/opt/cadence/LDV51/tools.lnx86/examples/vpi/set_values/src/utilities.c
/import/linux/opt/cadence/LDV51/tools.lnx86/examples/vpi/set_values/src/vpi_user.c
/import/linux/opt/cadence/LDV51/tools.lnx86/examples/vpi/var_args/src/var_args.c
/import/linux/opt/cadence/LDV51/tools.lnx86/examples/vpi/var_args/src/vpi_user.c
/import/linux/opt/cadence/LDV51/tools.lnx86/hal/examples/cpi_based/cpi_clk/solution/src/cpiClockCheck.c
/import/linux/opt/cadence/LDV51/tools.lnx86/hal/examples/cpi_based/cpi_clk/template.c
/import/linux/opt/cadence/LDV51/tools.lnx86/hal/examples/cpi_based/example3/example3.c
/import/linux/opt/cadence/LDV51/tools.lnx86/hal/examples/cpi_based/example4/example4.c
/import/linux/opt/cadence/LDV51/tools.lnx86/hal/examples/cpi_based/example5/example5.c
/import/linux/opt/cadence/LDV51/tools.lnx86/hal/examples/vhpi_based/arch_nam/solution/lab9.c
/import/linux/opt/cadence/LDV51/tools.lnx86/hal/examples/vhpi_based/arch_nam/template.c
/import/linux/opt/cadence/LDV51/tools.lnx86/hal/examples/vhpi_based/example2/example2.c
/import/linux/opt/cadence/LDV51/tools.lnx86/hal/examples/vhpi_based/vhpi_clknam/solution/src/naming_rules.c
/import/linux/opt/cadence/LDV51/tools.lnx86/hal/examples/vhpi_based/vhpi_clknam/solution/src/rules.c
/import/linux/opt/cadence/LDV51/tools.lnx86/hal/examples/vhpi_based/vhpi_clknam/solution/src/vhdl_net.c
/import/linux/opt/cadence/LDV51/tools.lnx86/hal/examples/vhpi_based/vhpi_clknam/solution/src/vhdl_rules.c
/import/linux/opt/cadence/LDV51/tools.lnx86/hal/examples/vhpi_based/vhpi_clknam/template.c
/import/linux/opt/cadence/LDV51/tools.lnx86/hal/examples/vpi_based/example1/example1.c
/import/linux/opt/cadence/LDV51/tools.lnx86/hal/examples/vpi_based/uncon/solution/lab6.c
/import/linux/opt/cadence/LDV51/tools.lnx86/hal/examples/vpi_based/uncon/template.c
/import/linux/opt/cadence/LDV51/tools.lnx86/hal/examples/vpi_based/vpi_clknam/solution/src/fileio.c
/import/linux/opt/cadence/LDV51/tools.lnx86/hal/examples/vpi_based/vpi_clknam/solution/src/naming_rules.c
/import/linux/opt/cadence/LDV51/tools.lnx86/hal/examples/vpi_based/vpi_clknam/solution/src/rules.c
/import/linux/opt/cadence/LDV51/tools.lnx86/hal/examples/vpi_based/vpi_clknam/solution/src/vlog_always.c
/import/linux/opt/cadence/LDV51/tools.lnx86/hal/examples/vpi_based/vpi_clknam/solution/src/vlog_net.c
/import/linux/opt/cadence/LDV51/tools.lnx86/hal/examples/vpi_based/vpi_clknam/solution/src/vlog_rules.c
/import/linux/opt/cadence/LDV51/tools.lnx86/hal/examples/vpi_based/vpi_clknam/template.c
/import/linux/opt/cadence/LDV51/tools.lnx86/ict/VHDL/nc/libtbl.c
/import/linux/opt/cadence/LDV51/tools.lnx86/ict/examples/vca/1_printModuleTree/main.c
/import/linux/opt/cadence/LDV51/tools.lnx86/ict/examples/vca/2_printInstanceTree/main.c
/import/linux/opt/cadence/LDV51/tools.lnx86/ict/examples/vca/3_printModuleSummary/main.c
/import/linux/opt/cadence/LDV51/tools.lnx86/ict/examples/vca/4_printInstanceSummary/main.c
/import/linux/opt/cadence/LDV51/tools.lnx86/ict/examples/vca/5_printControlAndBlockInfo/main.c
/import/linux/opt/cadence/LDV51/tools.lnx86/ict/examples/vca/6_printExpressionAndTermInfo/main.c
/import/linux/opt/cadence/LDV51/tools.lnx86/ict/examples/vca/7_ControlAndPathInfo/main.c
/import/linux/opt/cadence/LDV51/tools.lnx86/ict/pli/ncv1_21/veriuser.c
/import/linux/opt/cadence/LDV51/tools.lnx86/inca/examples/cif/debug_using_cfc/src/cfc_user.c
/import/linux/opt/cadence/LDV51/tools.lnx86/inca/examples/cif/debug_using_cfc/src/debug.c
/import/linux/opt/cadence/LDV51/tools.lnx86/inca/examples/cif/import_architecture/src/fmi_user.c
/import/linux/opt/cadence/LDV51/tools.lnx86/inca/examples/cif/import_architecture/src/tdsp_data_mux.c
/import/linux/opt/cadence/LDV51/tools.lnx86/inca/examples/cif/import_function/src/fmi_user.c
/import/linux/opt/cadence/LDV51/tools.lnx86/inca/examples/cif/import_function/src/to_digit.c
/import/linux/opt/cadence/LDV51/tools.lnx86/inca/examples/cif/import_procedure/src/fmi_user.c
/import/linux/opt/cadence/LDV51/tools.lnx86/inca/examples/cif/import_procedure/src/gt_comp.c
/import/linux/opt/cadence/LDV51/tools.lnx86/inca/examples/vhpi/driver/src/driver.c
/import/linux/opt/cadence/LDV51/tools.lnx86/inca/examples/vhpi/hierarchy/src/hierarchy.c
/import/linux/opt/cadence/LDV51/tools.lnx86/inca/examples/vhpi/navigate/src/navigate.c
/import/linux/opt/cadence/LDV51/tools.lnx86/inca/examples/vhpi/toggle/src/toggle.c
/import/linux/opt/cadence/LDV51/tools.lnx86/inca/examples/vhpi/waveform/src/waves.c
/import/linux/opt/cadence/LDV51/tools.lnx86/inca/examples/vhpi_vpi/driver/src/driver.c
/import/linux/opt/cadence/LDV51/tools.lnx86/inca/examples/vhpi_vpi/hierarchy/src/hierarchy.c
/import/linux/opt/cadence/LDV51/tools.lnx86/inca/examples/vhpi_vpi/navigate_mixed/src/mixedlang.c
/import/linux/opt/cadence/LDV51/tools.lnx86/inca/examples/vhpi_vpi/toggle/src/toggle.c
/import/linux/opt/cadence/LDV51/tools.lnx86/inca/examples/vhpi_vpi/waveform/src/waves.c
/import/linux/opt/cadence/LDV51/tools.lnx86/inca/src/cfc_user.c
/import/linux/opt/cadence/LDV51/tools.lnx86/inca/src/fmi_user.c
/import/linux/opt/cadence/LDV51/tools.lnx86/inca/src/veriuser.c
/import/linux/opt/cadence/LDV51/tools.lnx86/inca/src/vpi_user.c
/import/linux/opt/cadence/LDV51/tools.lnx86/pliwizard/examples/example1/src/my_pli_calc.c
/import/linux/opt/cadence/LDV51/tools.lnx86/pliwizard/examples/example1/src/my_vpi_calc.c
/import/linux/opt/cadence/LDV51/tools.lnx86/pliwizard/examples/example2/src/veriuser.c
/import/linux/opt/cadence/LDV51/tools.lnx86/pliwizard/examples/example2/src/vpi_user.c
/import/linux/opt/cadence/LDV51/tools.lnx86/pliwizard/examples/example3/src/pli_hello.c
/import/linux/opt/cadence/LDV51/tools.lnx86/pliwizard/examples/example3/src/vpi_hello.c
/import/linux/opt/cadence/LDV51/tools.lnx86/pliwizard/examples/example4/src/my_cfc_add.c
/import/linux/opt/cadence/LDV51/tools.lnx86/pliwizard/examples/example4/src/my_fmi_add.c
/import/linux/opt/cadence/LDV51/tools.lnx86/pliwizard/examples/example4/src/my_vhpi_add.c
/import/linux/opt/cadence/LDV51/tools.lnx86/pliwizard/examples/example5/src/my_cfc_test.c
/import/linux/opt/cadence/LDV51/tools.lnx86/pliwizard/examples/example5/src/my_fmi_test.c
/import/linux/opt/cadence/LDV51/tools.lnx86/pliwizard/examples/example5/src/my_vhpi_test.c
/import/linux/opt/cadence/LDV51/tools.lnx86/simvision/share/cfcuser.c
/import/linux/opt/cadence/LDV51/tools.lnx86/simvision/share/fmiuser.c
/import/linux/opt/cadence/LDV51/tools.lnx86/simvision/share/veriuser-dai.c
/import/linux/opt/cadence/LDV51/tools.lnx86/simvision/share/veriuser-recordvars-trst.c
/import/linux/opt/cadence/LDV51/tools.lnx86/simvision/share/veriuser-recordvars.c
/import/linux/opt/cadence/LDV51/tools.lnx86/simvision/share/veriuser-signalscan.c
/import/linux/opt/cadence/LDV51/tools.lnx86/simvision/share/veriuser-trst.c
/import/linux/opt/cadence/LDV51/tools.lnx86/src/cfc_user.c
/import/linux/opt/cadence/LDV51/tools.lnx86/src/fmi_user.c
/import/linux/opt/cadence/LDV51/tools.lnx86/src/veriuser.c
/import/linux/opt/cadence/LDV51/tools.lnx86/src/vpi_user.c
/import/linux/opt/cadence/LDV51/tools.lnx86/transrecord/files/veriuser_sdi.c
/import/linux/opt/cadence/LDV51/tools.lnx86/txe/lib/tcl8.3/tclAppInit.c
/import/linux/opt/cadence/LDV51/tools.lnx86/verilog/src/veriuser.c
/import/linux/opt/cadence/LDV51/tools.lnx86/verilog/src/vpi_user.c
/import/linux/opt/cadence/LDV51/tools.lnx86/vtools/vfault/examples/scan/broadside.c
/import/linux/opt/cadence/LDV51/tools.lnx86/vtools/vfault/examples/scan/veriuser.c
/import/linux/opt/cadence/LDV51/tools.lnx86/vtools/vfault/src/veriddq.c
/import/linux/opt/cadence/LDV51/tools.lnx86/vtools/vfault/src/veriuser.c
/import/linux/opt/cadence/LDV51/tools.lnx86/vtools/vfault/src/vpi_user.c
/import/linux/opt/cadence/NCSU-CDK/local-1.4/bin/bar.c
/import/linux/opt/cadence/NCSU-CDK/local-1.4/skill/menus/ncsu/p2m/imager.c
/import/linux/opt/cadence/NCSU-CDK/local-1.4/skill/menus/ncsu/p2m/xlator.c
/import/linux/opt/cadence/SOC42/install/bin.lnx86/cdsudp.c
/import/linux/opt/cadence/SOC42/install/bin.lnx86/genControl.c
/import/linux/opt/cadence/SOC42/install/bin.lnx86/io_fltr.c
/import/linux/opt/cadence/SOC42/install/bin.lnx86/process_file.c
/import/linux/opt/cadence/SOC42/share/fe/lib/tcl8.3/tclAppInit.c
/import/linux/opt/cadence/SOC42/share/fe/lib/tk8.3/tkAppInit.c
/import/linux/opt/cadence/SOC42/share/plato/lib/tcl8.3/tclAppInit.c
/import/linux/opt/cadence/SOC42/share/plato/lib/tk8.3/tkAppInit.c
/import/linux/opt/cadence/SOC42/tools.lnx86/celtic/lib/tcl8.3/tclAppInit.c
/import/linux/opt/cadence/SOC42/tools.lnx86/tsunamic/lib/tcl8.3/tclAppInit.c
/import/linux/opt/cadence/SPB152/install/bin.lnx86/cdsudp.c
/import/linux/opt/cadence/SPB152/install/bin.lnx86/genControl.c
/import/linux/opt/cadence/SPB152/install/bin.lnx86/io_fltr.c
/import/linux/opt/cadence/SPB152/install/bin.lnx86/process_file.c
/import/linux/opt/cadence/SPB152/tools.lnx86/caeviewshdl/logic.c
/import/linux/opt/cadence/SPB152/tools.lnx86/caeviewshdl/main.c
/import/linux/opt/cadence/SPB152/tools.lnx86/caeviewshdl/phys.c
/import/linux/opt/cadence/SPB152/tools.lnx86/caeviewshdl/user.c
/import/linux/opt/cadence/SPB152/tools.lnx86/pcb/examples/verilog-PLI/active_times/act_monitor.c
